*EXPERIMENT LIST

@# FILENAME EXT ENAME
 1 BRPI0202 MZX MAIZE IRRIGATED AND RAINFALL
 2 EBPL8501 MZX MAIZE RESPONSE TO MUCUNA GREEN MANURE, B
 3 FLSC8101 MZX N X IRRIG., S.C. (CERES MAIZE BK)
 4 GAGR0101 MZX GEORGIA MAIZE TEST POTENTIAL
 5 GAGR0102 MZX GEORGIA MAIZE TEST WATER LIMITED
 6 GAGR0103 MZX GEORGIA MAIZE TEST WATER AND N LIMITED
 7 GAGR0201 MZX 2002 ENVIROTRON CONTROL STUDY
 8 GHWA0401 MZX ON-STATION NXP (EXPERIMENT NO.2) 9 TRT
 9 IBWA8301 MZX N X VAR WAPIO, IBSNAT EXP.1983-4
10 IUAF9901 MZX IUAF9900MZ MAIZE KN, 2 POP X 2 N RATES
11 IUAF9902 MZX IUAF9902 EXAMPLES OF PEST DAMAGE
12 SAWA0402 MZX HYPOTHETICAL MAIZE EXPERIMENT DSSAT EXER
13 SIAZ9501 MZX 1995 SIA EXPERIMENT, ZARAGOSA, SPAIN
14 SIAZ9601 MZX 1996 SIA EXPERIMENT, ZARAGOSA, SPAIN
15 UFGA8201 MZX CLASS EXERCISE 11/5/2010
16 UFGA8203 MZX WATER BALANCE EXERCISE
17 UFGA8204 MZX WATER LIMITATIONS-SELF TEST 4
18 UFGA8211 MZX POTENTIAL PRODUCTION
19 UFGA8212 MZX WATER BALANCE EXERCISE
20 UFGA8213 MZX CLASS EXERCISE N LIMITATIONS
21 UFGA8214 MZX CLASS EXERCISE N SENSITIVITY
22 UFGA8215 MZX CLASS EXERCISE NXH20XSOIL
